---------------------------------------------------------------------------------------------------------------------------------------------------------------------------------------------------------------------------------------------------------------
      name:  <unnamed>
       log:  /shared/boston_zoning/working_paper/replication_package/analysis/residuals_output/residuals_log_2025-04-18.log
  log type:  text
 opened on:  18 Apr 2025, 14:22:53

. 
. 
. ********************************************************************************
. * File name:            residuals.do
. *
. * Project title:        Boston Zoning Paper
. *
. * Description:          Does something with residuals, IDK it is confusing to me.
. *                               
. * Inputs:                       mt_orthogonal_dist_100m_07-01-22_moreregs.dta
. *                                       soil_quality_matches.dta
. *                                       warren_group_walkability.dta
. *                                       warren_zoning_regulations_match.dta
. *                                       dist_south_station_2022_09_29.csv
. *                                       transit_distance.csv
. *                                       within_town_analysis_data.dta
. *                                       blocks_2010.dta
. *                                       acs_amenities.dta
. *                               
. * Outputs:                      Log output only
. *
. * Created:                      11/17/2024
. * Updated:                      03/18/2025
. ********************************************************************************
. 
. * confirm all data is present before continuing
. confirm file "$DATAPATH/mt_orthogonal_dist_100m_07-01-22_moreregs.dta"

. confirm file "$DATAPATH/soil_quality_matches.dta"

. confirm file "$DATAPATH/warren_group_walkability.dta"

. confirm file "$DATAPATH/warren_zoning_regulations_match.dta"

. confirm file "$DATAPATH/dist_south_station_2022_09_29.csv"

. confirm file "$DATAPATH/transit_distance.csv"

. confirm file "$DATAPATH/within_town_analysis_data.dta"

. confirm file "$DATAPATH/blocks_2010.dta"

. confirm file "$DATAPATH/acs_amenities.dta"

. 
. 
. ********************************************************************************
. ** load and tempsave the mt lines data
. ********************************************************************************
. use  "$DATAPATH/mt_orthogonal_dist_100m_07-01-22_moreregs.dta", clear

. 
. destring prop_id, replace
prop_id already numeric; no replace

. 
. tempfile mtlines

. save `mtlines', replace
(file /tmp/343956.1.sta.q/St2124155.000001 not found)
file /tmp/343956.1.sta.q/St2124155.000001 saved as .dta format

. 
. 
. ********************************************************************************
. ** load and tempsave the soil data
. ********************************************************************************
. use "$DATAPATH/soil_quality_matches.dta", clear

. 
. keep prop_id avg_slope slope_15 avg_restri avg_sand avg_clay

. 
. destring  avg_slope slope_15 avg_restri avg_sand avg_clay, replace
avg_slope: all characters numeric; replaced as double
(164372 missing values generated)
slope_15: all characters numeric; replaced as double
(164372 missing values generated)
avg_restri: all characters numeric; replaced as double
(164372 missing values generated)
avg_sand: all characters numeric; replaced as double
(164372 missing values generated)
avg_clay: all characters numeric; replaced as double
(164372 missing values generated)

. 
. tempfile soil

. save `soil', replace
(file /tmp/343956.1.sta.q/St2124155.000002 not found)
file /tmp/343956.1.sta.q/St2124155.000002 saved as .dta format

. 
. ********************************************************************************
. ** load and tempsave the walk score data 19.05.2024
. ********************************************************************************
. use "$DATAPATH/warren_group_walkability.dta"

. 
. keep prop_id d2b_e8mixa d2a_ephhm d3b d2a_ranked d2b_ranked d3b_ranked natwalkind

. 
. tempfile walkscore

. save `walkscore', replace
(file /tmp/343956.1.sta.q/St2124155.000003 not found)
file /tmp/343956.1.sta.q/St2124155.000003 saved as .dta format

. 
. 
. ********************************************************************************
. ** load and tempsave regulations data
. ********************************************************************************
. use "$DATAPATH/warren_zoning_regulations_match.dta", clear

. 
. keep prop_id *_esval

. 
. tempfile regs

. save `regs', replace
(file /tmp/343956.1.sta.q/St2124155.000004 not found)
file /tmp/343956.1.sta.q/St2124155.000004 saved as .dta format

. 
. 
. ********************************************************************************
. ** load and tempsave the transit data
. ********************************************************************************
. import delimited "$DATAPATH/dist_south_station_2022_09_29.csv", clear stringcols(_all)
(encoding automatically selected: ISO-8859-1)
(10 vars, 303 obs)

. 
. tempfile dist_south_station

. save `dist_south_station', replace
(file /tmp/343956.1.sta.q/St2124155.000005 not found)
file /tmp/343956.1.sta.q/St2124155.000005 saved as .dta format

. 
. import delimited "$DATAPATH/transit_distance.csv", clear stringcols(_all)
(encoding automatically selected: ISO-8859-1)
(10 vars, 821,237 obs)

. 
. merge m:1 station_id using `dist_south_station'

    Result                      Number of obs
    -----------------------------------------
    Not matched                            11
        from master                         0  (_merge==1)
        from using                         11  (_merge==2)

    Matched                           821,237  (_merge==3)
    -----------------------------------------

.                 
.                 * merge error check
.                 sum _merge

    Variable |        Obs        Mean    Std. dev.       Min        Max
-------------+---------------------------------------------------------
      _merge |    821,248    2.999987    .0036598          2          3

.                 drop if _merge == 2
(11 observations deleted)

.                 drop _merge

.         
. keep prop_id station_id station_name distance_m_* length_m

. 
. destring prop_id distance_m_* length_m, replace
prop_id: all characters numeric; replaced as long
distance_m_euc: all characters numeric; replaced as double
distance_m_man: all characters numeric; replaced as double
length_m: all characters numeric; replaced as long
(3660 missing values generated)

. 
. gen transit_dist_m = distance_m_man + length_m
(3,660 missing values generated)

. 
. tempfile transit

. save `transit', replace
(file /tmp/343956.1.sta.q/St2124155.000006 not found)
file /tmp/343956.1.sta.q/St2124155.000006 saved as .dta format

. 
. 
. ********************************************************************************
. ** create working dataset
. ********************************************************************************
. use "$DATAPATH/within_town_analysis_data.dta", clear

. 
. 
. ********************************************************************************
. ** merge on transit data
. ********************************************************************************
. merge m:1 prop_id using `transit'

    Result                      Number of obs
    -----------------------------------------
    Not matched                       443,044
        from master                         0  (_merge==1)
        from using                    443,044  (_merge==2)

    Matched                         3,199,248  (_merge==3)
    -----------------------------------------

.         
.         * merge error check
.         sum _merge

    Variable |        Obs        Mean    Std. dev.       Min        Max
-------------+---------------------------------------------------------
      _merge |  3,642,292    2.878361    .3268682          2          3

.         drop if _merge == 2
(443,044 observations deleted)

.         drop _merge

. 
.         
. ********************************************************************************
. ** merge on soil quality data
. ********************************************************************************
. merge m:1 prop_id using `soil'

    Result                      Number of obs
    -----------------------------------------
    Not matched                       443,044
        from master                         0  (_merge==1)
        from using                    443,044  (_merge==2)

    Matched                         3,199,248  (_merge==3)
    -----------------------------------------

.         
.         * merge error check
.         sum _merge

    Variable |        Obs        Mean    Std. dev.       Min        Max
-------------+---------------------------------------------------------
      _merge |  3,642,292    2.878361    .3268682          2          3

.         assert `r(N)' ==  3642292

.         assert `r(sum_w)' ==  3642292

.         assert `r(mean)' ==  2.878361207723049

.         assert `r(Var)' ==  .1068428258243096

.         assert `r(sd)' ==  .3268682086473226

.         assert `r(min)' ==  2

.         assert `r(max)' ==  3

.         assert `r(sum)' ==  10483832

. 
.         drop if _merge == 2
(443,044 observations deleted)

.         drop _merge

. 
.         
. ********************************************************************************
. ** merge on mt lines to keep straight line properties
. ********************************************************************************
. merge m:1 prop_id using `mtlines', keepusing(straight_line home_minlotsize nn_minlotsize)

    Result                      Number of obs
    -----------------------------------------
    Not matched                       201,049
        from master                         0  (_merge==1)
        from using                    201,049  (_merge==2)

    Matched                         3,199,248  (_merge==3)
    -----------------------------------------

.         
.         * merge error check
.         sum _merge

    Variable |        Obs        Mean    Std. dev.       Min        Max
-------------+---------------------------------------------------------
      _merge |  3,400,297    2.940873    .2358621          2          3

.         assert `r(N)' ==  3400297

.         assert `r(sum_w)' ==  3400297

.         assert `r(mean)' ==  2.940873106084557

.         assert `r(Var)' ==  .0556309206919615

.         assert `r(sd)' ==  .235862079809285

.         assert `r(min)' ==  2

.         assert `r(max)' ==  3

.         assert `r(sum)' ==  9999842

. 
.         drop if _merge == 2
(201,049 observations deleted)

.         drop _merge

. 
. keep if straight_line == 1  // <-- drops non-straight line properties
(2,237,233 observations deleted)

. 
. 
. ********************************************************************************
. ** merge on walkscore variables 
. ********************************************************************************
. merge m:1 prop_id using `walkscore', 

    Result                      Number of obs
    -----------------------------------------
    Not matched                       466,112
        from master                         0  (_merge==1)
        from using                    466,112  (_merge==2)

    Matched                           962,015  (_merge==3)
    -----------------------------------------

.     sum _merge

    Variable |        Obs        Mean    Std. dev.       Min        Max
-------------+---------------------------------------------------------
      _merge |  1,428,127     2.67362    .4688883          2          3

.     drop if _merge == 2
(466,112 observations deleted)

.     drop _merge 

. 
. 
. ********************************************************************************
. ** drop out of scope years
. ********************************************************************************
. keep if (year >= 2010 & year <= 2018)
(0 observations deleted)

. 
. tab year

       year |      Freq.     Percent        Cum.
------------+-----------------------------------
       2010 |    104,264       10.84       10.84
       2011 |    107,230       11.15       21.98
       2012 |    106,561       11.08       33.06
       2013 |    106,732       11.09       44.16
       2014 |    105,275       10.94       55.10
       2015 |    107,440       11.17       66.27
       2016 |    107,865       11.21       77.48
       2017 |    108,234       11.25       88.73
       2018 |    108,414       11.27      100.00
------------+-----------------------------------
      Total |    962,015      100.00

. 
. 
. ********************************************************************************
. ** merge on imputation flags for regulations
. ********************************************************************************
. merge m:1 prop_id using `regs'

    Result                      Number of obs
    -----------------------------------------
    Not matched                       466,111
        from master                         0  (_merge==1)
        from using                    466,111  (_merge==2)

    Matched                           962,015  (_merge==3)
    -----------------------------------------

. sum _merge

    Variable |        Obs        Mean    Std. dev.       Min        Max
-------------+---------------------------------------------------------
      _merge |  1,428,126    2.673621    .4688881          2          3

. 
. drop if _merge == 2
(466,111 observations deleted)

. drop _merge 

. 
. 
. ********************************************************************************
. ** merge on ACS characteristics
. ********************************************************************************
. * merge on block data level characteristics
. merge m:1 warren_GEOID_full using "$DATAPATH/blocks_2010.dta", update replace

    Result                      Number of obs
    -----------------------------------------
    Not matched                       149,217
        from master                     1,516  (_merge==1)
        from using                    147,701  (_merge==2)

    Matched                           960,499
        not updated                   960,499  (_merge==3)
        missing updated                     0  (_merge==4)
        nonmissing conflict                 0  (_merge==5)
    -----------------------------------------

.         
.         * summarize _merge var and drop
.         tab _merge

   Matching result from |
                  merge |      Freq.     Percent        Cum.
------------------------+-----------------------------------
        Master only (1) |      1,516        0.14        0.14
         Using only (2) |    147,701       13.31       13.45
            Matched (3) |    960,499       86.55      100.00
------------------------+-----------------------------------
                  Total |  1,109,716      100.00

.         drop if _merge == 2
(147,701 observations deleted)

.         drop _merge 

. 
. * create block group making variable
. gen BLKGRP = substr(warren_GEOID_full,1,12)
(272 missing values generated)

. 
. * merge on ace amenities dataset
. merge m:1 year BLKGRP using "$DATAPATH/acs_amenities.dta", keepusing(B19113001 SHARE_BACHELOR_25)

    Result                      Number of obs
    -----------------------------------------
    Not matched                        62,370
        from master                    43,350  (_merge==1)
        from using                     19,020  (_merge==2)

    Matched                           918,665  (_merge==3)
    -----------------------------------------

. 
.         * summarize merge and drop
.         tab _merge

   Matching result from |
                  merge |      Freq.     Percent        Cum.
------------------------+-----------------------------------
        Master only (1) |     43,350        4.42        4.42
         Using only (2) |     19,020        1.94        6.36
            Matched (3) |    918,665       93.64      100.00
------------------------+-----------------------------------
                  Total |    981,035      100.00

.         drop if _merge == 2
(19,020 observations deleted)

.         drop _merge 

. 
.         * rename median income variable
.         rename B19113001 median_inc

. 
. 
. ********************************************************************************
. ** gen amenity variables
. ********************************************************************************
. gen dist_school = closest_school_dist

. gen dist_center = closest_city_dist

. gen dist_road = closest_road_dist

. gen dist_river = closest_river_dist

. gen dist_space = closest_green_dist

. 
. gen transit_dist = transit_dist_m/1609
(6,421 missing values generated)

. 
. gen soil_avgslope = avg_slope
(182,953 missing values generated)

. gen soil_slope15 = slope_15
(182,953 missing values generated)

. gen soil_avgrestri = avg_restri
(182,953 missing values generated)

. gen soil_avgsand = avg_sand
(182,953 missing values generated)

. gen soil_avgclay = avg_clay
(182,953 missing values generated)

. 
. 
. ********************************************************************************
. ** property characteristic variables
. ********************************************************************************
. gen char1_lotsizeac1 = ln(lot_sizeac) if lot_sizeac != 0  // lot size in acres, excl zero acre --> NOW IN LOGS
(74,533 missing values generated)

. gen char2_livingarea1 = ln(livingarea) / num_units1 if livingarea != 0  // living area in XX per unit, excl zero --> NOW IN LOGS
(11,228 missing values generated)

. gen char3_bedrooms1 = bedroom_num / num_units1 if bedroom_num != 0  // num bedrooms per unit, atleast 1
(43,879 missing values generated)

. gen char4_bathfull1 = bathfull_num / num_units1 if bathfull_num != 0  // num full bathrooms per unit, atleast 1
(21,608 missing values generated)

. 
. gen log_lotacres = ln(lot_acres) if lot_acres!=0
(74,483 missing values generated)

. gen log_bldgarea =ln(grossbldg_area) if grossbldg_area!=0
(113,706 missing values generated)

. 
. * set control variables
. global char_vars dist_road

. global char_vars_duhe dist_road soil_avgslope soil_avgrestri

. 
. * new amenities controls (for discontinuous amenities)
. global char_vars_highway dist_road

. global char_vars_highway_walkability dist_road natwalkind

. global char_vars_walkability natwalkind

. global char_vars_hiway_wlkblty_muni dist_road natwalkind dist_center

. 
. 
. ********************************************************************************
. ** Define distance polynomial trends
. ********************************************************************************
. gen r_dist_relax = relaxed * dist_both

. gen r_dist_strict = strict * dist_both

. 
. local distance_varlist1 = "r_dist_relax r_dist_strict"

. 
. 
. ********************************************************************************
. * This setup has loaded in the maximum amount of additional data 
. * define all necessary globals 
. ********************************************************************************
. * house characteristics 
. global char_vars_1 i.year_built log_lotacres num_floors log_bldgarea bedroom_num bathfull_num

. 
. * define a global set of acs variable controls
. global acs_vars frac_under18 frac_over65 frac_black frac_asian frac_hispanic frac_nonhispanicwhite frac_morethan4 median_inc

. 
. * land variables 
. global land_amenities dist_school dist_center dist_road dist_river dist_space transit_dist soil_avgslope soil_slope15 soil_avgrestri soil_avgsand soil_avgclay d2b_e8mixa natwalkind 

. 
. * residualize prices on everything except boundary f.e. and distance variables
. quietly reg log_saleprice i.mf_allowed height dupac i.mf_allowed#c.height i.mf_allowed#c.dupac c.height#c.dupac $char_vars_1 $acs_vars $land_amenities i.last_saleyr ///
>         if (dist <= 0.20 & res_typex == "Single Family Res" & (last_saleyr >= 2010 & last_saleyr <= 2018)), vce(cluster lam_seg)

. 
. * predict residuals 
. predict residuals_nolam if e(sample), residuals 
(919,324 missing values generated)

. 
. * residualize rents on everything except boundary f.e. and distance variables
. quietly reg log_mfrent i.mf_allowed height dupac i.mf_allowed#c.height i.mf_allowed#c.dupac c.height#c.dupac $char_vars_1 $acs_vars $land_amenities i.year ///
>         if (dist <= 0.20 & (year>=2010 & year<=2018) & res_typex != "Condominiums"), vce(cluster lam_seg)

. 
. * predict residuals 
. predict residuals_rent_nolam if e(sample), residuals 
(868,834 missing values generated)

. 
. ********************************************************************************
. * Run nonparametric specification on residuals 
. ********************************************************************************
. ** price regressions
. * set regression conditions
. local regression_conditions (last_saleyr>=2010 & last_saleyr<=2018) & (dist_both<=0.21 & dist_both>=-0.2) & res_typex=="Single Family Res"

. 
. quietly eststo price_du: reg residuals_nolam ib26.dist3 i.lam_seg i.last_saleyr if only_du==1 & `regression_conditions', vce(cluster lam_seg)

.         
. quietly eststo price_duhe: reg residuals_nolam ib26.dist3 i.lam_seg i.last_saleyr if du_he == 1 & `regression_conditions', vce(cluster lam_seg)

. 
. quietly eststo price_mfdu: reg residuals_nolam ib26.dist3 i.lam_seg i.last_saleyr if  mf_du == 1 & `regression_conditions', vce(cluster lam_seg)

. 
. quietly eststo price_mf: reg residuals_nolam ib26.dist3 i.lam_seg i.last_saleyr if only_mf== 1 & `regression_conditions', vce(cluster lam_seg)

. 
. quietly eststo price_mfhe: reg residuals_nolam ib26.dist3 i.lam_seg i.last_saleyr if mf_he == 1 & `regression_conditions', vce(cluster lam_seg)

. 
. quietly eststo price_he: reg residuals_nolam ib26.dist3 i.lam_seg i.last_saleyr if only_he == 1 & `regression_conditions', vce(cluster lam_seg)

. 
. esttab price_du price_duhe price_mfdu price_mf price_mfhe price_he, ///
>         se r2 indicate("Boundary f.e.=*lam_seg" "Year f.e.=*last_saleyr") interaction(" X ") ///
>         label mtitles("price_du" "price_duhe" "price_mfdu" "price_mf" "price_mfhe" "price_he") ///
>         title("Residualized Sales Prices") 

Residualized Sales Prices
--------------------------------------------------------------------------------------------------------------------
                              (1)             (2)             (3)             (4)             (5)             (6)   
                         price_du      price_duhe      price_mfdu        price_mf      price_mfhe        price_he   
--------------------------------------------------------------------------------------------------------------------
-.2                        0.0158          0.0992         -0.0153           0.349**                                 
                         (0.0270)         (0.104)        (0.0460)         (0.121)                                   

-.18                     -0.00938         -0.0234          -0.109*         0.0277           0.593         -0.0681   
                         (0.0211)        (0.0779)        (0.0465)         (0.145)         (0.384)        (0.0424)   

-.16                      0.00997          0.0140         -0.0241         -0.0936         -0.0995          -0.228** 
                         (0.0257)        (0.0758)        (0.0381)         (0.121)         (0.194)        (0.0697)   

-.14                     0.000881         0.00783         -0.0538         -0.0343          -0.376                   
                         (0.0203)         (0.102)        (0.0413)        (0.0893)         (0.197)                   

-.12                      0.00451          0.0277         -0.0159           0.123          -0.141         -0.0234   
                         (0.0196)        (0.0624)        (0.0306)        (0.0942)         (0.163)         (0.216)   

-.1                      -0.00759          0.0271         -0.0556          0.0286         0.00581         -0.0936   
                         (0.0199)        (0.0797)        (0.0325)         (0.110)         (0.245)        (0.0870)   

-.08                      -0.0257          0.0878         -0.0447          0.0128           0.223          -0.131** 
                         (0.0187)        (0.0669)        (0.0287)        (0.0612)         (0.207)        (0.0451)   

-.06                      -0.0154         -0.0627         -0.0474          0.0240          -0.178           0.128   
                         (0.0192)        (0.0808)        (0.0269)        (0.0803)         (0.154)         (0.110)   

-.04                      0.00589          0.0861         -0.0265         -0.0110          0.0299           0.153   
                         (0.0175)        (0.0712)        (0.0276)        (0.0836)         (0.334)        (0.0885)   

-.02                      -0.0316          0.0287         -0.0505*         0.0418          0.0459         -0.0163   
                         (0.0162)        (0.0578)        (0.0241)        (0.0668)         (0.130)        (0.0991)   

0                               0               0               0               0               0               0   
                              (.)             (.)             (.)             (.)             (.)             (.)   

.02                       -0.0398**        0.0275          0.0195         -0.0102           0.116          0.0674   
                         (0.0149)        (0.0719)        (0.0304)        (0.0831)         (0.188)        (0.0533)   

.04                       -0.0255          0.0784         -0.0281           0.155         -0.0797         -0.0249   
                         (0.0144)        (0.0856)        (0.0273)        (0.0971)         (0.132)        (0.0630)   

.06                       -0.0269*        -0.0641         -0.0314         -0.0252          0.0177        -0.00587   
                         (0.0135)         (0.130)        (0.0345)        (0.0745)         (0.205)        (0.0561)   

.08                       -0.0349*          0.163        -0.00443           0.124         -0.0557         -0.0883   
                         (0.0159)         (0.110)        (0.0341)        (0.0960)         (0.149)        (0.0616)   

.1                        -0.0628***      -0.0560         0.00757           0.189           0.141         -0.0328   
                         (0.0182)        (0.0584)        (0.0344)        (0.0977)         (0.126)        (0.0507)   

.12                       -0.0224          -0.383***       0.0403         -0.0141          -0.431***       -0.104   
                         (0.0173)        (0.0478)        (0.0321)        (0.0668)        (0.0588)        (0.0668)   

.14                       -0.0323           0.164*       -0.00378           0.262*          0.250         -0.0962   
                         (0.0214)        (0.0722)        (0.0444)         (0.118)         (0.230)        (0.0550)   

.16                       -0.0243           0.252***      0.00379         -0.0605                         -0.0774   
                         (0.0228)        (0.0625)        (0.0360)        (0.0950)                        (0.0852)   

.18                       -0.0138                           0.163**         0.278*          0.109         -0.0802   
                         (0.0180)                        (0.0563)         (0.131)         (0.169)        (0.0923)   

Constant                    0.258***       -0.608***       -0.303***       -0.188           0.156         -0.0826   
                         (0.0171)        (0.0588)        (0.0467)        (0.0962)         (0.185)        (0.0488)   

Boundary f.e.                 Yes             Yes             Yes             Yes             Yes             Yes   

Year f.e.                     Yes             Yes             Yes             Yes             Yes             Yes   
--------------------------------------------------------------------------------------------------------------------
Observations                27423            1623            8920            1232             282            1620   
R-squared                   0.281           0.570           0.337           0.430           0.405           0.356   
--------------------------------------------------------------------------------------------------------------------
Standard errors in parentheses
* p<0.05, ** p<0.01, *** p<0.001

. 
. ** rent regressions
. * set regression conditions
. local regression_conditions (year>=2010 & year<=2018) & (dist_both<=0.21 & dist_both>=-0.2) & res_typex != "Condominiums"

. 
. quietly eststo price_du: reg residuals_rent_nolam ib26.dist3 i.lam_seg i.year if only_du==1 & `regression_conditions', vce(cluster lam_seg)

.         
. quietly eststo price_duhe: reg residuals_rent_nolam ib26.dist3 i.lam_seg i.year if du_he == 1 & `regression_conditions', vce(cluster lam_seg)

. 
. quietly eststo price_he: reg residuals_rent_nolam ib26.dist3 i.lam_seg i.year if only_he == 1 & `regression_conditions', vce(cluster lam_seg)

. 
. esttab price_du price_duhe price_mfdu price_mf price_mfhe price_he, ///
>         se r2 indicate("Boundary f.e.=*lam_seg" "Year f.e.=*year") interaction(" X ") ///
>         label mtitles("price_du" "price_duhe" "price_mfdu" "price_mf" "price_mfhe" "price_he") ///
>         title("Residualized Rents") 

Residualized Rents
--------------------------------------------------------------------------------------------------------------------
                              (1)             (2)             (3)             (4)             (5)             (6)   
                         price_du      price_duhe      price_mfdu        price_mf      price_mfhe        price_he   
--------------------------------------------------------------------------------------------------------------------
-.2                        0.0207         -0.0479         -0.0153           0.349**                        -0.327***
                         (0.0355)        (0.0445)        (0.0460)         (0.121)                        (0.0899)   

-.18                       0.0185          -0.126***       -0.109*         0.0277           0.593         -0.0863   
                         (0.0427)        (0.0306)        (0.0465)         (0.145)         (0.384)        (0.0763)   

-.16                      0.00124         -0.0126         -0.0241         -0.0936         -0.0995          -0.499***
                         (0.0446)        (0.0299)        (0.0381)         (0.121)         (0.194)        (0.0799)   

-.14                        0.143**        0.0501         -0.0538         -0.0343          -0.376                   
                         (0.0512)        (0.0269)        (0.0413)        (0.0893)         (0.197)                   

-.12                       0.0997**        0.0376         -0.0159           0.123          -0.141         -0.0620   
                         (0.0362)        (0.0288)        (0.0306)        (0.0942)         (0.163)         (0.106)   

-.1                        0.0692*       -0.00271         -0.0556          0.0286         0.00581          0.0364   
                         (0.0338)        (0.0412)        (0.0325)         (0.110)         (0.245)        (0.0733)   

-.08                       0.0271        -0.00578         -0.0447          0.0128           0.223          0.0624   
                         (0.0244)        (0.0379)        (0.0287)        (0.0612)         (0.207)        (0.0731)   

-.06                       0.0483         0.00100         -0.0474          0.0240          -0.178           0.110   
                         (0.0282)        (0.0330)        (0.0269)        (0.0803)         (0.154)        (0.0883)   

-.04                       0.0378          0.0244         -0.0265         -0.0110          0.0299           0.119   
                         (0.0305)        (0.0276)        (0.0276)        (0.0836)         (0.334)        (0.0929)   

-.02                       0.0482         -0.0226         -0.0505*         0.0418          0.0459         -0.0327   
                         (0.0272)        (0.0327)        (0.0241)        (0.0668)         (0.130)        (0.0934)   

0                               0               0               0               0               0               0   
                              (.)             (.)             (.)             (.)             (.)             (.)   

.02                       -0.0357         0.00420          0.0195         -0.0102           0.116          0.0101   
                         (0.0286)        (0.0387)        (0.0304)        (0.0831)         (0.188)        (0.0790)   

.04                       -0.0504          -0.127**       -0.0281           0.155         -0.0797          0.0229   
                         (0.0324)        (0.0464)        (0.0273)        (0.0971)         (0.132)         (0.100)   

.06                       0.00347         -0.0745         -0.0314         -0.0252          0.0177          0.0563   
                         (0.0342)        (0.0523)        (0.0345)        (0.0745)         (0.205)        (0.0645)   

.08                        0.0473          -0.113*       -0.00443           0.124         -0.0557          -0.152*  
                         (0.0300)        (0.0523)        (0.0341)        (0.0960)         (0.149)        (0.0646)   

.1                         0.0446         -0.0778         0.00757           0.189           0.141          -0.236***
                         (0.0352)        (0.0571)        (0.0344)        (0.0977)         (0.126)        (0.0434)   

.12                      -0.00857          -0.141*         0.0403         -0.0141          -0.431***       0.0772   
                         (0.0335)        (0.0641)        (0.0321)        (0.0668)        (0.0588)         (0.174)   

.14                        0.0507          0.0310        -0.00378           0.262*          0.250                   
                         (0.0530)         (0.189)        (0.0444)         (0.118)         (0.230)                   

.16                        0.0151           0.140         0.00379         -0.0605                           0.297   
                         (0.0495)         (0.152)        (0.0360)        (0.0950)                         (0.282)   

.18                       -0.0181                           0.163**         0.278*          0.109                   
                         (0.0710)                        (0.0563)         (0.131)         (0.169)                   

Date -- Most Recen~2                                            0               0               0                   
                                                              (.)             (.)             (.)                   

Date -- Most Recen~2                                      -0.0422         -0.0356         -0.0345                   
                                                         (0.0262)        (0.0604)         (0.119)                   

Date -- Most Recen~2                                      -0.0324          0.0749           0.176                   
                                                         (0.0215)        (0.0692)         (0.148)                   

Date -- Most Recen~2                                       0.0104          0.0724         -0.0951                   
                                                         (0.0220)        (0.0610)         (0.160)                   

Date -- Most Recen~2                                      0.00216         0.00480        -0.00635                   
                                                         (0.0215)        (0.0812)         (0.136)                   

Date -- Most Recen~2                                       0.0167          0.0308          -0.125                   
                                                         (0.0215)        (0.0633)         (0.219)                   

Date -- Most Recen~2                                       0.0222         0.00402          0.0542                   
                                                         (0.0244)        (0.0670)        (0.0564)                   

Date -- Most Recen~2                                       0.0336          0.0387         -0.0518                   
                                                         (0.0207)        (0.0635)         (0.223)                   

Date -- Most Recen~2                                       0.0493*         0.0623          0.0910                   
                                                         (0.0246)        (0.0715)         (0.106)                   

Constant                   -0.412***       -0.305***       -0.303***       -0.188           0.156           0.507***
                         (0.0328)        (0.0294)        (0.0467)        (0.0962)         (0.185)        (0.0981)   

Boundary f.e.                 Yes             Yes             Yes             Yes             Yes             Yes   

Year f.e.                     Yes             Yes              No              No              No             Yes   
--------------------------------------------------------------------------------------------------------------------
Observations                31133           13809            8920            1232             282            2032   
R-squared                   0.344           0.331           0.337           0.430           0.405           0.585   
--------------------------------------------------------------------------------------------------------------------
Standard errors in parentheses
* p<0.05, ** p<0.01, *** p<0.001

. 
. 
. ********************************************************************************
. ** end
. ********************************************************************************
. display "finished!" 
finished!

. log off
      name:  <unnamed>
       log:  /shared/boston_zoning/working_paper/replication_package/analysis/residuals_output/residuals_log_2025-04-18.log
  log type:  text
 paused on:  18 Apr 2025, 14:26:42
---------------------------------------------------------------------------------------------------------------------------------------------------------------------------------------------------------------------------------------------------------------
