---------------------------------------------------------------------------------------------------------------------------------------------------------------------------------------------------------------------------------------------------------------
      name:  <unnamed>
       log:  /shared/boston_zoning/working_paper/replication_package/analysis/straight_v_walking_dist_output/straight_v_walking_dist_log_2025-04-18.log
  log type:  text
 opened on:  18 Apr 2025, 15:10:56

. 
. 
. ********************************************************************************
. * File name:            straight_v_walking_dist.do
. *
. * Project title:        Boston Zoning Paper
. *
. * Description:          Calculates the straight line (as the crow flies) distance
. *                                       from the closest property to a boundary to it's closest 
. *                                       neighor on the other side. Exports a .csv file to be used
. *                                       in <python program> to calculate the walking/effective
. *                                       distance between these two properties.
. *                               
. * Inputs:                       mt_orthogonal_dist_100m_07-01-22_v2.dta
. *                                       within_town_analysis_data.dta
. *                                       walking_distance_inputs.csv
. *                                       walking_distance_outputs.csv
. *                               
. * Outputs:              
. *
. * Created:                      03/24/2022
. * Updated:                      10/17/2022
. ********************************************************************************
. 
. 
. ********************************************************************************
. ** load the mt lines data
. ********************************************************************************
. use "$DATAPATH/mt_orthogonal_dist_100m_07-01-22_v2.dta", clear

. 
. destring prop_id, replace
prop_id: all characters numeric; replaced as long

. 
. tempfile mtlines

. save `mtlines', replace
(file /tmp/343956.1.sta.q/St2124155.000001 not found)
file /tmp/343956.1.sta.q/St2124155.000001 saved as .dta format

. 
. 
. ********************************************************************************
. ** create working dataset
. ********************************************************************************
. use "$DATAPATH/within_town_analysis_data.dta", clear

. 
. * merge on mt lines to keep straight line properties
. merge m:1 prop_id using `mtlines', keepusing(straight_line)

    Result                      Number of obs
    -----------------------------------------
    Not matched                       201,049
        from master                         0  (_merge==1)
        from using                    201,049  (_merge==2)

    Matched                         3,199,248  (_merge==3)
    -----------------------------------------

.         
.         * checks for errors in merge
.         sum _merge

    Variable |        Obs        Mean    Std. dev.       Min        Max
-------------+---------------------------------------------------------
      _merge |  3,400,297    2.940873    .2358621          2          3

.         //assert `r(N)' ==  3400297
.         //assert `r(sum_w)' ==  3400297
.         //assert `r(mean)' ==  2.940873106084557
.         //assert `r(Var)' ==  .0556309206919615
.         //assert `r(sd)' ==  .235862079809285
.         //assert `r(min)' ==  2
.         //assert `r(max)' ==  3
.         //assert `r(sum)' ==  9999842
. 
.         drop if _merge == 2
(201,049 observations deleted)

.         drop _merge

. 
. keep if straight_line == 1  // <-- drops non-straight line properties
(2,237,233 observations deleted)

. 
. 
. ********************************************************************************
. ** calculate straight line distance
. ********************************************************************************
. * gen propert address
. gen address = string(st_num) + " " + street + " " + city + " " + strofreal(zipcode, "%05.0f")

. 
. * trim dataset
. keep year prop_id address boundary_using_id boundary_dist boundary_side warren_longitude warren_latitude

. 
. * keep the closest property to each boundary on either side
. bysort year boundary_using_id boundary_side (boundary_dist): keep if _n == 1
(931,834 observations deleted)

. 
. * reshape file at the boundary id level
. reshape wide prop_id address boundary_dist warren_longitude warren_latitude, i(year boundary_using_id) j(boundary_side) string
(j = LEFT RIGHT)

Data                               Long   ->   Wide
-----------------------------------------------------------------------------
Number of observations           30,181   ->   18,139      
Number of variables                   8   ->   12          
j variable (2 values)     boundary_side   ->   (dropped)
xij variables:
                                prop_id   ->   prop_idLEFT prop_idRIGHT
                                address   ->   addressLEFT addressRIGHT
                          boundary_dist   ->   boundary_distLEFT boundary_distRIGHT
                       warren_longitude   ->   warren_longitudeLEFT warren_longitudeRIGHT
                        warren_latitude   ->   warren_latitudeLEFT warren_latitudeRIGHT
-----------------------------------------------------------------------------

. 
. * drop observations with no left/right comparison
. drop if prop_idLEFT == . | prop_idRIGHT == .
(6,097 observations deleted)

. 
. * calculate straight line distance
. geodist warren_latitudeLEFT warren_longitudeLEFT warren_latitudeRIGHT warren_longitudeRIGHT, gen(crow_dist) miles

. 
. * error check
. sum year

    Variable |        Obs        Mean    Std. dev.       Min        Max
-------------+---------------------------------------------------------
        year |     12,042    2014.035    2.575043       2010       2018

. //assert `r(N)' ==  12042
. //assert `r(sum_w)' ==  12042
. //assert `r(mean)' ==  2014.035293140674
. //assert `r(Var)' ==  6.630844648717998
. //assert `r(sd)' ==  2.575042649883298
. //assert `r(min)' ==  2010
. //assert `r(max)' ==  2018
. //assert `r(sum)' ==  24253013
. 
. sum crow_dist

    Variable |        Obs        Mean    Std. dev.       Min        Max
-------------+---------------------------------------------------------
   crow_dist |     12,042    .1084697    .1757169   .0003904    2.18694

. //assert `r(N)' ==  12042
. //assert `r(sum_w)' ==  12042
. //assert `r(mean)' ==  .1084696652930108
. //assert `r(Var)' ==  .0308764188208655
. //assert `r(sd)' ==  .1757168711901778
. //assert `r(min)' ==  .000390443351853
. //assert `r(max)' ==  2.186940493159569
. //assert `r(sum)' ==  1306.191709458436
.                 
. * keep 2018 data only
. keep if year == 2018
(10,684 observations deleted)

. 
. * export data for use in <python program>
. export delimited using "$DATAPATH/walking_distance_inputs.csv", replace
file /shared/boston_zoning/working_paper/replication_package/data/walking_distance_inputs.csv saved

. 
. 
. ********************************************************************************
. ** after time passes with the python program
. ********************************************************************************
. /* This will require running the <PROGRAM NAME HERE> python program to find the 
> closest distance between a property and it's closest neighbor on the other side
> of the boundary it is assigned to*/
. 
. 
. ********************************************************************************
. ** import the effective distance python output
. ********************************************************************************
. import delimited "$DATAPATH/walking_distance_outputs.csv", clear stringcols(_all)
(encoding automatically selected: ISO-8859-1)
(16 vars, 1,358 obs)

. 
. destring distance_m crow_dist, replace
distance_m: all characters numeric; replaced as double
crow_dist: all characters numeric; replaced as double

. 
. gen walking_dist_mi = distance_m * 0.000621  // <-- convert meters to miles

. 
. summarize walking_dist_mi, detail

                       walking_dist_mi
-------------------------------------------------------------
      Percentiles      Smallest
 1%     .0002484              0
 5%     .0036018              0
10%     .0069552              0       Obs               1,358
25%     .0257715       .0000621       Sum of wgt.       1,358

50%     .1451277                      Mean           .2786598
                        Largest       Std. dev.      .4955483
75%     .3557088        3.42022
90%     .6542856       4.884289       Variance       .2455681
95%     .9319968       6.629796       Skewness       7.669352
99%     2.180083       8.996241       Kurtosis        102.917

. 
. keep if inrange(walking_dist_mi, 0, r(p99))
(13 observations deleted)

. 
. 
. ********************************************************************************
. ** Create a bin scatter plot for use in the paper
. ********************************************************************************
. binscatter walking_dist_mi crow_dist , n(20) ///
>         xlabel(0(.1).8, gmin gmax) ///
>         ylabel(0(.1)1.2, gmin gmax) ///
>         xtitle("{bf:Striaght Line Distance (miles)}") ///
>         ytitle("{bf:Walking Route Distance (miles)}")

.         
.         graph save "$EXPORTPATH/straight_v_walking_dist.gph", replace
(file /shared/boston_zoning/working_paper/replication_package/analysis/straight_v_walking_dist_output/straight_v_walking_dist.gph not found)
file /shared/boston_zoning/working_paper/replication_package/analysis/straight_v_walking_dist_output/straight_v_walking_dist.gph saved

.         graph export "$EXPORTPATH/straight_v_walking_dist.pdf", replace
file /shared/boston_zoning/working_paper/replication_package/analysis/straight_v_walking_dist_output/straight_v_walking_dist.pdf saved as PDF format

. 
end of do-file
$$$<
FindErrorInDoFile_13
Running: within_town_mtlines.do

. * start here
. clear all

. log close _all
      name:  <unnamed>
       log:  /shared/boston_zoning/working_paper/replication_package/analysis/straight_v_walking_dist_output/straight_v_walking_dist_log_2025-04-18.log
  log type:  text
 closed on:  18 Apr 2025, 15:11:46
---------------------------------------------------------------------------------------------------------------------------------------------------------------------------------------------------------------------------------------------------------------
